[debug] [2026-07-25T12:26:25.493Z] ----------------------------------------------------------------------
[debug] [2026-07-25T12:26:25.497Z] Command:       C:\Program Files\nodejs\node.exe C:\Users\JOE\AppData\Roaming\npm\node_modules\firebase-tools\lib\bin\firebase.js init
[debug] [2026-07-25T12:26:25.498Z] CLI Version:   15.24.0
[debug] [2026-07-25T12:26:25.498Z] Platform:      win32
[debug] [2026-07-25T12:26:25.498Z] Node Version:  v24.12.0
[debug] [2026-07-25T12:26:25.499Z] Detected Agent: unknown
[debug] [2026-07-25T12:26:25.499Z] Time:          Sat Jul 25 2026 04:26:25 GMT-0800 (GMT-08:00)
[debug] [2026-07-25T12:26:25.499Z] ----------------------------------------------------------------------
[debug] 
[info] 
     ######## #### ########  ######## ########     ###     ######  ########
     ##        ##  ##     ## ##       ##     ##  ##   ##  ##       ##
     ######    ##  ########  ######   ########  #########  ######  ######
     ##        ##  ##    ##  ##       ##     ## ##     ##       ## ##
     ##       #### ##     ## ######## ########  ##     ##  ######  ########

You're about to initialize a Firebase project in this directory:

  C:\Users\JOE\Documents\COMPANY\STARTUP_WEB

Before we get started, keep in mind:

  * You are initializing within an existing Firebase project directory

[debug] [2026-07-25T12:26:34.192Z] ExitPromptError: User force closed the prompt with SIGINT
    at Interface.sigint (C:\Users\JOE\AppData\Roaming\npm\node_modules\firebase-tools\node_modules\@inquirer\core\dist\commonjs\lib\create-prompt.js:101:37)
    at Interface.emit (node:events:508:28)
    at [_ttyWrite] [as _ttyWrite] (node:internal/readline/interface:1327:18)
    at ReadStream.onkeypress (node:internal/readline/interface:284:20)
    at ReadStream.emit (node:events:520:35)
    at emitKeys (node:internal/readline/utils:371:14)
    at emitKeys.next (<anonymous>)
    at ReadStream.onData (node:internal/readline/emitKeypressEvents:64:36)
    at ReadStream.emit (node:events:508:28)
    at addChunk (node:internal/streams/readable:559:12)
[error] 
[error] Error: An unexpected error has occurred.
